current directory: /Users/naccrat/Development/MSP/Marketing Site/vendor/bundle/ruby/3.1.0/gems/http_parser.rb-0.8.0/ext/ruby_http_parser
/Users/naccrat/.rubies/ruby-3.1.3/bin/ruby -I /Users/naccrat/.rubies/ruby-3.1.3/lib/ruby/3.1.0 extconf.rb
creating Makefile

current directory: /Users/naccrat/Development/MSP/Marketing Site/vendor/bundle/ruby/3.1.0/gems/http_parser.rb-0.8.0/ext/ruby_http_parser
make DESTDIR\= sitearchdir\=./.gem.20260710-15808-uy0gbp sitelibdir\=./.gem.20260710-15808-uy0gbp clean

current directory: /Users/naccrat/Development/MSP/Marketing Site/vendor/bundle/ruby/3.1.0/gems/http_parser.rb-0.8.0/ext/ruby_http_parser
make DESTDIR\= sitearchdir\=./.gem.20260710-15808-uy0gbp sitelibdir\=./.gem.20260710-15808-uy0gbp
compiling ruby_http_parser.c
In file included from ruby_http_parser.c:1:
In file included from /Users/naccrat/.rubies/ruby-3.1.3/include/ruby-3.1.0/ruby.h:38:
In file included from /Users/naccrat/.rubies/ruby-3.1.3/include/ruby-3.1.0/ruby/ruby.h:27:
In file included from /Users/naccrat/.rubies/ruby-3.1.3/include/ruby-3.1.0/ruby/internal/arithmetic.h:23:
In file included from /Users/naccrat/.rubies/ruby-3.1.3/include/ruby-3.1.0/ruby/internal/arithmetic/char.h:29:
/Users/naccrat/.rubies/ruby-3.1.3/include/ruby-3.1.0/ruby/internal/core/rstring.h:464:24: warning: default initialization of an object of type 'struct RString' with const member leaves the object uninitialized [-Wdefault-const-init-field-unsafe]
  464 |         struct RString retval;
      |                        ^
/Users/naccrat/.rubies/ruby-3.1.3/include/ruby-3.1.0/ruby/internal/core/rbasic.h:88:17: note: member 'klass' declared 'const' here
   88 |     const VALUE klass;
      |                 ^
ruby_http_parser.c:365:17: warning: comparison of integers of different signs: 'size_t' (aka 'unsigned long') and 'long' [-Wsign-compare]
  365 |     if (nparsed < len)
      |         ~~~~~~~ ^ ~~~
2 warnings generated.
compiling ryah_http_parser.c
linking shared-object ruby_http_parser.bundle

current directory: /Users/naccrat/Development/MSP/Marketing Site/vendor/bundle/ruby/3.1.0/gems/http_parser.rb-0.8.0/ext/ruby_http_parser
make DESTDIR\= sitearchdir\=./.gem.20260710-15808-uy0gbp sitelibdir\=./.gem.20260710-15808-uy0gbp install
/usr/bin/install -c -m 0755 ruby_http_parser.bundle ./.gem.20260710-15808-uy0gbp
